Release 14.7 - xst P.20131013 (nt64)
Copyright (c) 1995-2013 Xilinx, Inc.  All rights reserved.
--> Parameter TMPDIR set to xst/projnav.tmp


Total REAL time to Xst completion: 0.00 secs
Total CPU time to Xst completion: 0.19 secs
 
--> Parameter xsthdpdir set to xst


Total REAL time to Xst completion: 0.00 secs
Total CPU time to Xst completion: 0.19 secs
 
--> Reading design: UC2.prj

TABLE OF CONTENTS
  1) Synthesis Options Summary
  2) HDL Parsing
  3) HDL Elaboration
  4) HDL Synthesis
       4.1) HDL Synthesis Report
  5) Advanced HDL Synthesis
       5.1) Advanced HDL Synthesis Report
  6) Low Level Synthesis
  7) Partition Report
  8) Design Summary
       8.1) Primitive and Black Box Usage
       8.2) Device utilization summary
       8.3) Partition Resource Summary
       8.4) Timing Report
            8.4.1) Clock Information
            8.4.2) Asynchronous Control Signals Information
            8.4.3) Timing Summary
            8.4.4) Timing Details
            8.4.5) Cross Clock Domains Report


=========================================================================
*                      Synthesis Options Summary                        *
=========================================================================
---- Source Parameters
Input File Name                    : "UC2.prj"
Ignore Synthesis Constraint File   : NO

---- Target Parameters
Output File Name                   : "UC2"
Output Format                      : NGC
Target Device                      : xc7a100t-3-csg324

---- Source Options
Top Module Name                    : UC2
Automatic FSM Extraction           : YES
FSM Encoding Algorithm             : Auto
Safe Implementation                : No
FSM Style                          : LUT
RAM Extraction                     : Yes
RAM Style                          : Auto
ROM Extraction                     : Yes
Shift Register Extraction          : YES
ROM Style                          : Auto
Resource Sharing                   : YES
Asynchronous To Synchronous        : NO
Shift Register Minimum Size        : 2
Use DSP Block                      : Auto
Automatic Register Balancing       : No

---- Target Options
LUT Combining                      : Auto
Reduce Control Sets                : Auto
Add IO Buffers                     : YES
Global Maximum Fanout              : 100000
Add Generic Clock Buffer(BUFG)     : 32
Register Duplication               : YES
Optimize Instantiated Primitives   : NO
Use Clock Enable                   : Auto
Use Synchronous Set                : Auto
Use Synchronous Reset              : Auto
Pack IO Registers into IOBs        : Auto
Equivalent register Removal        : YES

---- General Options
Optimization Goal                  : Speed
Optimization Effort                : 1
Power Reduction                    : NO
Keep Hierarchy                     : No
Netlist Hierarchy                  : As_Optimized
RTL Output                         : Yes
Global Optimization                : AllClockNets
Read Cores                         : YES
Write Timing Constraints           : NO
Cross Clock Analysis               : NO
Hierarchy Separator                : /
Bus Delimiter                      : <>
Case Specifier                     : Maintain
Slice Utilization Ratio            : 100
BRAM Utilization Ratio             : 100
DSP48 Utilization Ratio            : 100
Auto BRAM Packing                  : NO
Slice Utilization Ratio Delta      : 5

=========================================================================


=========================================================================
*                          HDL Parsing                                  *
=========================================================================
Analyzing Verilog file "C:\Users\Martina\Desktop\EV-20-Grupo2\Pipeline\COMP5.vf" into library work
Parsing module <COMP4_HXILINX_COMP5>.
Parsing module <COMP5>.
Analyzing Verilog file "C:\Users\Martina\Desktop\EV-20-Grupo2\Pipeline\UC2.vf" into library work
Parsing module <COMP4_HXILINX_UC2>.
Parsing module <COMP5_MUSER_UC2>.
Parsing module <UC2>.

=========================================================================
*                            HDL Elaboration                            *
=========================================================================

Elaborating module <UC2>.

Elaborating module <OR2>.

Elaborating module <AND2>.

Elaborating module <AND3>.

Elaborating module <OR5>.

Elaborating module <OR3>.

Elaborating module <COMP5_MUSER_UC2>.

Elaborating module <COMP4_HXILINX_UC2>.

Elaborating module <XOR2>.

Elaborating module <INV>.

=========================================================================
*                           HDL Synthesis                               *
=========================================================================

Synthesizing Unit <UC2>.
    Related source file is "C:\Users\Martina\Desktop\EV-20-Grupo2\Pipeline\UC2.vf".
WARNING:Xst:647 - Input <DecodeType<1:1>> is never used. This port will be preserved and left unconnected if it belongs to a top-level block or it belongs to a sub-block and the hierarchy of this sub-block is preserved.
WARNING:Xst:647 - Input <DecodeType<3:3>> is never used. This port will be preserved and left unconnected if it belongs to a top-level block or it belongs to a sub-block and the hierarchy of this sub-block is preserved.
WARNING:Xst:647 - Input <DecodeType<6:5>> is never used. This port will be preserved and left unconnected if it belongs to a top-level block or it belongs to a sub-block and the hierarchy of this sub-block is preserved.
WARNING:Xst:647 - Input <ExecuteBusC<5:5>> is never used. This port will be preserved and left unconnected if it belongs to a top-level block or it belongs to a sub-block and the hierarchy of this sub-block is preserved.
WARNING:Xst:647 - Input <ExecuteType<0:0>> is never used. This port will be preserved and left unconnected if it belongs to a top-level block or it belongs to a sub-block and the hierarchy of this sub-block is preserved.
WARNING:Xst:647 - Input <ExecuteType<2:2>> is never used. This port will be preserved and left unconnected if it belongs to a top-level block or it belongs to a sub-block and the hierarchy of this sub-block is preserved.
WARNING:Xst:647 - Input <ExecuteType<4:4>> is never used. This port will be preserved and left unconnected if it belongs to a top-level block or it belongs to a sub-block and the hierarchy of this sub-block is preserved.
WARNING:Xst:647 - Input <ExecuteType<6:6>> is never used. This port will be preserved and left unconnected if it belongs to a top-level block or it belongs to a sub-block and the hierarchy of this sub-block is preserved.
WARNING:Xst:647 - Input <OperandBusC<5:5>> is never used. This port will be preserved and left unconnected if it belongs to a top-level block or it belongs to a sub-block and the hierarchy of this sub-block is preserved.
WARNING:Xst:647 - Input <OperandType<0:0>> is never used. This port will be preserved and left unconnected if it belongs to a top-level block or it belongs to a sub-block and the hierarchy of this sub-block is preserved.
WARNING:Xst:647 - Input <OperandType<2:2>> is never used. This port will be preserved and left unconnected if it belongs to a top-level block or it belongs to a sub-block and the hierarchy of this sub-block is preserved.
WARNING:Xst:647 - Input <OperandType<4:4>> is never used. This port will be preserved and left unconnected if it belongs to a top-level block or it belongs to a sub-block and the hierarchy of this sub-block is preserved.
WARNING:Xst:647 - Input <OperandType<6:6>> is never used. This port will be preserved and left unconnected if it belongs to a top-level block or it belongs to a sub-block and the hierarchy of this sub-block is preserved.
WARNING:Xst:647 - Input <RetireBusC<5:5>> is never used. This port will be preserved and left unconnected if it belongs to a top-level block or it belongs to a sub-block and the hierarchy of this sub-block is preserved.
WARNING:Xst:647 - Input <RetireType<0:0>> is never used. This port will be preserved and left unconnected if it belongs to a top-level block or it belongs to a sub-block and the hierarchy of this sub-block is preserved.
WARNING:Xst:647 - Input <RetireType<2:2>> is never used. This port will be preserved and left unconnected if it belongs to a top-level block or it belongs to a sub-block and the hierarchy of this sub-block is preserved.
WARNING:Xst:647 - Input <RetireType<6:4>> is never used. This port will be preserved and left unconnected if it belongs to a top-level block or it belongs to a sub-block and the hierarchy of this sub-block is preserved.
    Summary:
	no macro.
Unit <UC2> synthesized.

Synthesizing Unit <COMP5_MUSER_UC2>.
    Related source file is "C:\Users\Martina\Desktop\EV-20-Grupo2\Pipeline\UC2.vf".
    Set property "HU_SET = XLXI_1_0" for instance <XLXI_1>.
    Summary:
	no macro.
Unit <COMP5_MUSER_UC2> synthesized.

Synthesizing Unit <COMP4_HXILINX_UC2>.
    Related source file is "C:\Users\Martina\Desktop\EV-20-Grupo2\Pipeline\UC2.vf".
    Found 1-bit comparator equal for signal <A0_B0_equal_1_o> created at line 37
    Found 1-bit comparator equal for signal <A1_B1_equal_2_o> created at line 37
    Found 1-bit comparator equal for signal <A2_B2_equal_3_o> created at line 37
    Found 1-bit comparator equal for signal <A3_B3_equal_4_o> created at line 37
    Summary:
	inferred   4 Comparator(s).
Unit <COMP4_HXILINX_UC2> synthesized.

=========================================================================
HDL Synthesis Report

Macro Statistics
# Comparators                                          : 12
 1-bit comparator equal                                : 12

=========================================================================

=========================================================================
*                       Advanced HDL Synthesis                          *
=========================================================================


=========================================================================
Advanced HDL Synthesis Report

Macro Statistics
# Comparators                                          : 12
 1-bit comparator equal                                : 12

=========================================================================

=========================================================================
*                         Low Level Synthesis                           *
=========================================================================

Optimizing unit <UC2> ...

Optimizing unit <COMP4_HXILINX_UC2> ...

Mapping all equations...
Building and optimizing final netlist ...
Found area constraint ratio of 100 (+ 5) on block UC2, actual ratio is 0.

Final Macro Processing ...

=========================================================================
Final Register Report

Found no macro
=========================================================================

=========================================================================
*                           Partition Report                            *
=========================================================================

Partition Implementation Status
-------------------------------

  No Partitions were found in this design.

-------------------------------

=========================================================================
*                            Design Summary                             *
=========================================================================

Top Level Output File Name         : UC2.ngc

Primitive and Black Box Usage:
------------------------------
# BELS                             : 23
#      AND2                        : 5
#      AND3                        : 3
#      INV                         : 3
#      LUT4                        : 3
#      LUT5                        : 3
#      OR2                         : 1
#      OR3                         : 1
#      OR5                         : 1
#      XOR2                        : 3
# IO Buffers                       : 32
#      IBUF                        : 31
#      OBUF                        : 1

Device utilization summary:
---------------------------

Selected Device : 7a100tcsg324-3 


Slice Logic Utilization: 
 Number of Slice LUTs:                    9  out of  63400     0%  
    Number used as Logic:                 9  out of  63400     0%  

Slice Logic Distribution: 
 Number of LUT Flip Flop pairs used:      9
   Number with an unused Flip Flop:       9  out of      9   100%  
   Number with an unused LUT:             0  out of      9     0%  
   Number of fully used LUT-FF pairs:     0  out of      9     0%  
   Number of unique control sets:         0

IO Utilization: 
 Number of IOs:                          52
 Number of bonded IOBs:                  32  out of    210    15%  

Specific Feature Utilization:

---------------------------
Partition Resource Summary:
---------------------------

  No Partitions were found in this design.

---------------------------


=========================================================================
Timing Report

NOTE: THESE TIMING NUMBERS ARE ONLY A SYNTHESIS ESTIMATE.
      FOR ACCURATE TIMING INFORMATION PLEASE REFER TO THE TRACE REPORT
      GENERATED AFTER PLACE-and-ROUTE.

Clock Information:
------------------
No clock signals found in this design

Asynchronous Control Signals Information:
----------------------------------------
No asynchronous control signals found in this design

Timing Summary:
---------------
Speed Grade: -3

   Minimum period: No path found
   Minimum input arrival time before clock: No path found
   Maximum output required time after clock: No path found
   Maximum combinational path delay: 4.242ns

Timing Details:
---------------
All values displayed in nanoseconds (ns)

=========================================================================
Timing constraint: Default path analysis
  Total number of paths / destination ports: 43 / 1
-------------------------------------------------------------------------
Delay:               4.242ns (Levels of Logic = 7)
  Source:            DecodeBusA<4> (PAD)
  Destination:       hold (PAD)

  Data Path: DecodeBusA<4> to hold
                                Gate     Net
    Cell:in->out      fanout   Delay   Delay  Logical Name (Net Name)
    ----------------------------------------  ------------
     IBUF:I->O             3   0.001   0.693  DecodeBusA_4_IBUF (DecodeBusA_4_IBUF)
     XOR2:I1->O            1   0.107   0.279  XLXI_25/XLXI_2 (XLXI_25/XLXN_13)
     INV:I->O              1   0.511   0.693  XLXI_25/XLXI_3 (XLXI_25/XLXN_14)
     AND2:I0->O            1   0.097   0.556  XLXI_25/XLXI_4 (XLXN_43)
     AND3:I2->O            1   0.234   0.693  XLXI_7 (XLXN_32)
     OR5:I0->O             1   0.097   0.279  XLXI_8 (hold_OBUF)
     OBUF:I->O                 0.000          hold_OBUF (hold)
    ----------------------------------------
    Total                      4.242ns (1.047ns logic, 3.195ns route)
                                       (24.7% logic, 75.3% route)

=========================================================================

Cross Clock Domains Report:
--------------------------

=========================================================================


Total REAL time to Xst completion: 16.00 secs
Total CPU time to Xst completion: 16.54 secs
 
--> 

Total memory usage is 414524 kilobytes

Number of errors   :    0 (   0 filtered)
Number of warnings :   17 (   0 filtered)
Number of infos    :    0 (   0 filtered)

