--------------------------------------------------------------------------------
Release 14.7 Trace  (nt64)
Copyright (c) 1995-2013 Xilinx, Inc.  All rights reserved.

C:\Xilinx\14.7\ISE_DS\ISE\bin\nt64\unwrapped\trce.exe -intstyle ise -v 3 -s 3
-n 3 -fastpaths -xml register_bank_easy.twx register_bank_easy.ncd -o
register_bank_easy.twr register_bank_easy.pcf

Design file:              register_bank_easy.ncd
Physical constraint file: register_bank_easy.pcf
Device,package,speed:     xc7a100t,csg324,C,-3 (PRODUCTION 1.10 2013-10-13)
Report level:             verbose report

Environment Variable      Effect 
--------------------      ------ 
NONE                      No environment variables were set
--------------------------------------------------------------------------------

INFO:Timing:2698 - No timing constraints found, doing default enumeration.
INFO:Timing:3412 - To improve timing, see the Timing Closure User Guide (UG612).
INFO:Timing:2752 - To get complete path coverage, use the unconstrained paths 
   option. All paths that are not constrained will be reported in the 
   unconstrained paths section(s) of the report.
INFO:Timing:3339 - The clock-to-out numbers in this timing report are based on 
   a 50 Ohm transmission line loading model.  For the details of this model, 
   and for more information on accounting for different loading conditions, 
   please see the device datasheet.



Data Sheet report:
-----------------
All values displayed in nanoseconds (ns)

Setup/Hold to clock CLK
----------------+------------+------------+------------+------------+------------------+--------+
                |Max Setup to|  Process   |Max Hold to |  Process   |                  | Clock  |
Source          | clk (edge) |   Corner   | clk (edge) |   Corner   |Internal Clock(s) | Phase  |
----------------+------------+------------+------------+------------+------------------+--------+
C_SEL<0>        |    3.999(R)|      SLOW  |    1.093(R)|      SLOW  |CLK_BUFGP         |   0.000|
C_SEL<1>        |    3.989(R)|      SLOW  |    1.227(R)|      SLOW  |CLK_BUFGP         |   0.000|
C_SEL<2>        |    6.290(R)|      SLOW  |    1.470(R)|      SLOW  |CLK_BUFGP         |   0.000|
C_SEL<3>        |    4.924(R)|      SLOW  |    1.217(R)|      SLOW  |CLK_BUFGP         |   0.000|
C_SEL<4>        |    4.085(R)|      SLOW  |    1.231(R)|      SLOW  |CLK_BUFGP         |   0.000|
C_SEL<5>        |    3.709(R)|      SLOW  |    1.274(R)|      SLOW  |CLK_BUFGP         |   0.000|
FROM_C_LATCH<0> |    2.149(R)|      SLOW  |    1.185(R)|      SLOW  |CLK_BUFGP         |   0.000|
FROM_C_LATCH<1> |    2.484(R)|      SLOW  |    1.007(R)|      SLOW  |CLK_BUFGP         |   0.000|
FROM_C_LATCH<2> |    2.854(R)|      SLOW  |    1.147(R)|      SLOW  |CLK_BUFGP         |   0.000|
FROM_C_LATCH<3> |    2.457(R)|      SLOW  |    0.964(R)|      SLOW  |CLK_BUFGP         |   0.000|
FROM_C_LATCH<4> |    2.502(R)|      SLOW  |    1.172(R)|      SLOW  |CLK_BUFGP         |   0.000|
FROM_C_LATCH<5> |    2.784(R)|      SLOW  |    1.656(R)|      SLOW  |CLK_BUFGP         |   0.000|
FROM_C_LATCH<6> |    2.255(R)|      SLOW  |    1.068(R)|      SLOW  |CLK_BUFGP         |   0.000|
FROM_C_LATCH<7> |    2.428(R)|      SLOW  |    1.345(R)|      SLOW  |CLK_BUFGP         |   0.000|
FROM_C_LATCH<8> |    2.315(R)|      SLOW  |    1.105(R)|      SLOW  |CLK_BUFGP         |   0.000|
FROM_C_LATCH<9> |    2.128(R)|      SLOW  |    1.691(R)|      SLOW  |CLK_BUFGP         |   0.000|
FROM_C_LATCH<10>|    2.001(R)|      SLOW  |    1.532(R)|      SLOW  |CLK_BUFGP         |   0.000|
FROM_C_LATCH<11>|    1.930(R)|      SLOW  |    1.238(R)|      SLOW  |CLK_BUFGP         |   0.000|
FROM_C_LATCH<12>|    2.185(R)|      SLOW  |    1.291(R)|      SLOW  |CLK_BUFGP         |   0.000|
FROM_C_LATCH<13>|    2.451(R)|      SLOW  |    1.279(R)|      SLOW  |CLK_BUFGP         |   0.000|
FROM_C_LATCH<14>|    2.720(R)|      SLOW  |    1.527(R)|      SLOW  |CLK_BUFGP         |   0.000|
FROM_C_LATCH<15>|    2.731(R)|      SLOW  |    1.555(R)|      SLOW  |CLK_BUFGP         |   0.000|
FROM_WREG<0>    |   -1.086(R)|      FAST  |    3.187(R)|      SLOW  |CLK_BUFGP         |   0.000|
IN0<0>          |   -0.475(R)|      FAST  |    2.367(R)|      SLOW  |CLK_BUFGP         |   0.000|
IN0<1>          |   -0.464(R)|      FAST  |    2.360(R)|      SLOW  |CLK_BUFGP         |   0.000|
IN0<2>          |   -0.375(R)|      FAST  |    2.212(R)|      SLOW  |CLK_BUFGP         |   0.000|
IN0<3>          |   -0.421(R)|      FAST  |    2.297(R)|      SLOW  |CLK_BUFGP         |   0.000|
IN0<4>          |   -0.435(R)|      FAST  |    2.410(R)|      SLOW  |CLK_BUFGP         |   0.000|
IN0<5>          |   -0.373(R)|      FAST  |    2.307(R)|      SLOW  |CLK_BUFGP         |   0.000|
IN0<6>          |   -0.306(R)|      FAST  |    2.240(R)|      SLOW  |CLK_BUFGP         |   0.000|
IN0<7>          |   -0.243(R)|      FAST  |    2.104(R)|      SLOW  |CLK_BUFGP         |   0.000|
IN0<8>          |   -0.541(R)|      FAST  |    2.469(R)|      SLOW  |CLK_BUFGP         |   0.000|
IN0<9>          |   -0.555(R)|      FAST  |    2.481(R)|      SLOW  |CLK_BUFGP         |   0.000|
IN0<10>         |   -0.494(R)|      FAST  |    2.388(R)|      SLOW  |CLK_BUFGP         |   0.000|
IN0<11>         |   -0.492(R)|      FAST  |    2.406(R)|      SLOW  |CLK_BUFGP         |   0.000|
IN0<12>         |   -0.228(R)|      FAST  |    2.139(R)|      SLOW  |CLK_BUFGP         |   0.000|
IN0<13>         |   -0.163(R)|      FAST  |    2.038(R)|      SLOW  |CLK_BUFGP         |   0.000|
IN0<14>         |   -0.226(R)|      FAST  |    2.119(R)|      SLOW  |CLK_BUFGP         |   0.000|
IN0<15>         |   -0.229(R)|      FAST  |    2.114(R)|      SLOW  |CLK_BUFGP         |   0.000|
IN1<0>          |    0.095(R)|      FAST  |    1.681(R)|      SLOW  |CLK_BUFGP         |   0.000|
IN1<1>          |    0.040(R)|      FAST  |    1.747(R)|      SLOW  |CLK_BUFGP         |   0.000|
IN1<2>          |    0.015(R)|      FAST  |    1.799(R)|      SLOW  |CLK_BUFGP         |   0.000|
IN1<3>          |    0.078(R)|      FAST  |    1.704(R)|      SLOW  |CLK_BUFGP         |   0.000|
IN1<4>          |    0.105(R)|      FAST  |    1.710(R)|      SLOW  |CLK_BUFGP         |   0.000|
IN1<5>          |    0.222(R)|      FAST  |    1.548(R)|      SLOW  |CLK_BUFGP         |   0.000|
IN1<6>          |    0.095(R)|      FAST  |    1.674(R)|      SLOW  |CLK_BUFGP         |   0.000|
IN1<7>          |    0.119(R)|      FAST  |    1.651(R)|      SLOW  |CLK_BUFGP         |   0.000|
IN1<8>          |   -0.067(R)|      FAST  |    1.835(R)|      SLOW  |CLK_BUFGP         |   0.000|
IN1<9>          |   -0.130(R)|      FAST  |    1.921(R)|      SLOW  |CLK_BUFGP         |   0.000|
IN1<10>         |   -0.033(R)|      FAST  |    1.799(R)|      SLOW  |CLK_BUFGP         |   0.000|
IN1<11>         |   -0.027(R)|      FAST  |    1.796(R)|      SLOW  |CLK_BUFGP         |   0.000|
IN1<12>         |    0.214(R)|      FAST  |    1.556(R)|      SLOW  |CLK_BUFGP         |   0.000|
IN1<13>         |    0.297(R)|      FAST  |    1.428(R)|      SLOW  |CLK_BUFGP         |   0.000|
IN1<14>         |    0.175(R)|      FAST  |    1.581(R)|      SLOW  |CLK_BUFGP         |   0.000|
IN1<15>         |    0.209(R)|      FAST  |    1.549(R)|      SLOW  |CLK_BUFGP         |   0.000|
MR              |    0.286(R)|      FAST  |    1.417(R)|      SLOW  |CLK_BUFGP         |   0.000|
MW              |    0.919(R)|      FAST  |    1.612(R)|      SLOW  |CLK_BUFGP         |   0.000|
TO_FROM_W<0>    |   -0.120(R)|      FAST  |    1.936(R)|      SLOW  |CLK_BUFGP         |   0.000|
----------------+------------+------------+------------+------------+------------------+--------+

Clock CLK to Pad
------------+-----------------+------------+-----------------+------------+------------------+--------+
            |Max (slowest) clk|  Process   |Min (fastest) clk|  Process   |                  | Clock  |
Destination |  (edge) to PAD  |   Corner   |  (edge) to PAD  |   Corner   |Internal Clock(s) | Phase  |
------------+-----------------+------------+-----------------+------------+------------------+--------+
TO_BUS_A<0> |        11.975(R)|      SLOW  |         4.188(R)|      FAST  |CLK_BUFGP         |   0.000|
TO_BUS_A<1> |        12.091(R)|      SLOW  |         4.187(R)|      FAST  |CLK_BUFGP         |   0.000|
TO_BUS_A<2> |        12.152(R)|      SLOW  |         4.034(R)|      FAST  |CLK_BUFGP         |   0.000|
TO_BUS_A<3> |        12.205(R)|      SLOW  |         4.047(R)|      FAST  |CLK_BUFGP         |   0.000|
TO_BUS_A<4> |        12.140(R)|      SLOW  |         4.039(R)|      FAST  |CLK_BUFGP         |   0.000|
TO_BUS_A<5> |        12.859(R)|      SLOW  |         4.106(R)|      FAST  |CLK_BUFGP         |   0.000|
TO_BUS_A<6> |        12.243(R)|      SLOW  |         4.050(R)|      FAST  |CLK_BUFGP         |   0.000|
TO_BUS_A<7> |        12.993(R)|      SLOW  |         4.320(R)|      FAST  |CLK_BUFGP         |   0.000|
TO_BUS_A<8> |        12.991(R)|      SLOW  |         4.316(R)|      FAST  |CLK_BUFGP         |   0.000|
TO_BUS_A<9> |        11.833(R)|      SLOW  |         3.981(R)|      FAST  |CLK_BUFGP         |   0.000|
TO_BUS_A<10>|        12.128(R)|      SLOW  |         4.101(R)|      FAST  |CLK_BUFGP         |   0.000|
TO_BUS_A<11>|        13.189(R)|      SLOW  |         4.340(R)|      FAST  |CLK_BUFGP         |   0.000|
TO_BUS_A<12>|        12.310(R)|      SLOW  |         4.189(R)|      FAST  |CLK_BUFGP         |   0.000|
TO_BUS_A<13>|        12.617(R)|      SLOW  |         4.080(R)|      FAST  |CLK_BUFGP         |   0.000|
TO_BUS_A<14>|        12.548(R)|      SLOW  |         4.167(R)|      FAST  |CLK_BUFGP         |   0.000|
TO_BUS_A<15>|        12.696(R)|      SLOW  |         4.020(R)|      FAST  |CLK_BUFGP         |   0.000|
TO_BUS_B<0> |        11.951(R)|      SLOW  |         4.004(R)|      FAST  |CLK_BUFGP         |   0.000|
TO_BUS_B<1> |        11.963(R)|      SLOW  |         3.950(R)|      FAST  |CLK_BUFGP         |   0.000|
TO_BUS_B<2> |        11.939(R)|      SLOW  |         3.955(R)|      FAST  |CLK_BUFGP         |   0.000|
TO_BUS_B<3> |        11.809(R)|      SLOW  |         3.832(R)|      FAST  |CLK_BUFGP         |   0.000|
TO_BUS_B<4> |        12.290(R)|      SLOW  |         4.044(R)|      FAST  |CLK_BUFGP         |   0.000|
TO_BUS_B<5> |        11.633(R)|      SLOW  |         3.956(R)|      FAST  |CLK_BUFGP         |   0.000|
TO_BUS_B<6> |        11.996(R)|      SLOW  |         3.880(R)|      FAST  |CLK_BUFGP         |   0.000|
TO_BUS_B<7> |        12.056(R)|      SLOW  |         4.116(R)|      FAST  |CLK_BUFGP         |   0.000|
TO_BUS_B<8> |        11.531(R)|      SLOW  |         3.895(R)|      FAST  |CLK_BUFGP         |   0.000|
TO_BUS_B<9> |        11.626(R)|      SLOW  |         3.819(R)|      FAST  |CLK_BUFGP         |   0.000|
TO_BUS_B<10>|        11.974(R)|      SLOW  |         3.951(R)|      FAST  |CLK_BUFGP         |   0.000|
TO_BUS_B<11>|        12.221(R)|      SLOW  |         3.913(R)|      FAST  |CLK_BUFGP         |   0.000|
TO_BUS_B<12>|        12.207(R)|      SLOW  |         3.835(R)|      FAST  |CLK_BUFGP         |   0.000|
TO_BUS_B<13>|        12.871(R)|      SLOW  |         4.066(R)|      FAST  |CLK_BUFGP         |   0.000|
TO_BUS_B<14>|        12.145(R)|      SLOW  |         3.875(R)|      FAST  |CLK_BUFGP         |   0.000|
TO_BUS_B<15>|        12.088(R)|      SLOW  |         3.896(R)|      FAST  |CLK_BUFGP         |   0.000|
TO_FROM_W<0>|         8.238(R)|      SLOW  |         3.270(R)|      FAST  |CLK_BUFGP         |   0.000|
------------+-----------------+------------+-----------------+------------+------------------+--------+

Clock to Setup on destination clock CLK
---------------+---------+---------+---------+---------+
               | Src:Rise| Src:Fall| Src:Rise| Src:Fall|
Source Clock   |Dest:Rise|Dest:Rise|Dest:Fall|Dest:Fall|
---------------+---------+---------+---------+---------+
CLK            |    0.841|         |         |         |
---------------+---------+---------+---------+---------+

Pad to Pad
---------------+---------------+---------+
Source Pad     |Destination Pad|  Delay  |
---------------+---------------+---------+
SEL_A<0>       |TO_BUS_A<0>    |   12.351|
SEL_A<0>       |TO_BUS_A<1>    |   11.846|
SEL_A<0>       |TO_BUS_A<2>    |   12.008|
SEL_A<0>       |TO_BUS_A<3>    |   12.272|
SEL_A<0>       |TO_BUS_A<4>    |   12.179|
SEL_A<0>       |TO_BUS_A<5>    |   13.043|
SEL_A<0>       |TO_BUS_A<6>    |   12.612|
SEL_A<0>       |TO_BUS_A<7>    |   13.774|
SEL_A<0>       |TO_BUS_A<8>    |   12.414|
SEL_A<0>       |TO_BUS_A<9>    |   12.035|
SEL_A<0>       |TO_BUS_A<10>   |   11.969|
SEL_A<0>       |TO_BUS_A<11>   |   12.528|
SEL_A<0>       |TO_BUS_A<12>   |   13.852|
SEL_A<0>       |TO_BUS_A<13>   |   14.504|
SEL_A<0>       |TO_BUS_A<14>   |   13.995|
SEL_A<0>       |TO_BUS_A<15>   |   13.943|
SEL_A<1>       |TO_BUS_A<0>    |   13.692|
SEL_A<1>       |TO_BUS_A<1>    |   13.213|
SEL_A<1>       |TO_BUS_A<2>    |   13.665|
SEL_A<1>       |TO_BUS_A<3>    |   13.831|
SEL_A<1>       |TO_BUS_A<4>    |   13.120|
SEL_A<1>       |TO_BUS_A<5>    |   13.029|
SEL_A<1>       |TO_BUS_A<6>    |   12.965|
SEL_A<1>       |TO_BUS_A<7>    |   13.625|
SEL_A<1>       |TO_BUS_A<8>    |   13.133|
SEL_A<1>       |TO_BUS_A<9>    |   12.361|
SEL_A<1>       |TO_BUS_A<10>   |   12.306|
SEL_A<1>       |TO_BUS_A<11>   |   13.124|
SEL_A<1>       |TO_BUS_A<12>   |   13.509|
SEL_A<1>       |TO_BUS_A<13>   |   14.024|
SEL_A<1>       |TO_BUS_A<14>   |   13.560|
SEL_A<1>       |TO_BUS_A<15>   |   13.654|
SEL_A<2>       |TO_BUS_A<0>    |   10.331|
SEL_A<2>       |TO_BUS_A<1>    |   10.199|
SEL_A<2>       |TO_BUS_A<2>    |   10.750|
SEL_A<2>       |TO_BUS_A<3>    |   10.808|
SEL_A<2>       |TO_BUS_A<4>    |   10.824|
SEL_A<2>       |TO_BUS_A<5>    |   11.675|
SEL_A<2>       |TO_BUS_A<6>    |   10.969|
SEL_A<2>       |TO_BUS_A<7>    |   11.915|
SEL_A<2>       |TO_BUS_A<8>    |   10.768|
SEL_A<2>       |TO_BUS_A<9>    |    9.558|
SEL_A<2>       |TO_BUS_A<10>   |    9.915|
SEL_A<2>       |TO_BUS_A<11>   |   11.063|
SEL_A<2>       |TO_BUS_A<12>   |   11.706|
SEL_A<2>       |TO_BUS_A<13>   |   12.155|
SEL_A<2>       |TO_BUS_A<14>   |   11.776|
SEL_A<2>       |TO_BUS_A<15>   |   11.652|
SEL_A<3>       |TO_BUS_A<0>    |   10.800|
SEL_A<3>       |TO_BUS_A<1>    |   10.641|
SEL_A<3>       |TO_BUS_A<2>    |   10.700|
SEL_A<3>       |TO_BUS_A<3>    |   11.211|
SEL_A<3>       |TO_BUS_A<4>    |   10.926|
SEL_A<3>       |TO_BUS_A<5>    |   11.818|
SEL_A<3>       |TO_BUS_A<6>    |   11.243|
SEL_A<3>       |TO_BUS_A<7>    |   12.455|
SEL_A<3>       |TO_BUS_A<8>    |   10.973|
SEL_A<3>       |TO_BUS_A<9>    |   10.111|
SEL_A<3>       |TO_BUS_A<10>   |   10.154|
SEL_A<3>       |TO_BUS_A<11>   |   11.301|
SEL_A<3>       |TO_BUS_A<12>   |   11.744|
SEL_A<3>       |TO_BUS_A<13>   |   12.294|
SEL_A<3>       |TO_BUS_A<14>   |   11.838|
SEL_A<3>       |TO_BUS_A<15>   |   11.833|
SEL_A<4>       |TO_BUS_A<0>    |   10.006|
SEL_A<4>       |TO_BUS_A<1>    |    9.843|
SEL_A<4>       |TO_BUS_A<2>    |   10.184|
SEL_A<4>       |TO_BUS_A<3>    |   10.576|
SEL_A<4>       |TO_BUS_A<4>    |   10.630|
SEL_A<4>       |TO_BUS_A<5>    |   11.364|
SEL_A<4>       |TO_BUS_A<6>    |   10.705|
SEL_A<4>       |TO_BUS_A<7>    |   11.771|
SEL_A<4>       |TO_BUS_A<8>    |   11.110|
SEL_A<4>       |TO_BUS_A<9>    |   10.267|
SEL_A<4>       |TO_BUS_A<10>   |   10.297|
SEL_A<4>       |TO_BUS_A<11>   |   11.441|
SEL_A<4>       |TO_BUS_A<12>   |   11.775|
SEL_A<4>       |TO_BUS_A<13>   |   12.215|
SEL_A<4>       |TO_BUS_A<14>   |   11.969|
SEL_A<4>       |TO_BUS_A<15>   |   12.085|
SEL_A<5>       |TO_BUS_A<0>    |    8.115|
SEL_A<5>       |TO_BUS_A<1>    |    8.298|
SEL_A<5>       |TO_BUS_A<2>    |    8.441|
SEL_A<5>       |TO_BUS_A<3>    |    8.394|
SEL_A<5>       |TO_BUS_A<4>    |    9.161|
SEL_A<5>       |TO_BUS_A<5>    |    8.276|
SEL_A<5>       |TO_BUS_A<6>    |    9.169|
SEL_A<5>       |TO_BUS_A<7>    |    8.921|
SEL_A<5>       |TO_BUS_A<8>    |    8.462|
SEL_A<5>       |TO_BUS_A<9>    |    7.788|
SEL_A<5>       |TO_BUS_A<10>   |    7.950|
SEL_A<5>       |TO_BUS_A<11>   |    8.629|
SEL_A<5>       |TO_BUS_A<12>   |    8.298|
SEL_A<5>       |TO_BUS_A<13>   |    8.975|
SEL_A<5>       |TO_BUS_A<14>   |    8.552|
SEL_A<5>       |TO_BUS_A<15>   |    9.097|
SEL_B<0>       |TO_BUS_B<0>    |   10.914|
SEL_B<0>       |TO_BUS_B<1>    |   11.031|
SEL_B<0>       |TO_BUS_B<2>    |   11.314|
SEL_B<0>       |TO_BUS_B<3>    |   11.178|
SEL_B<0>       |TO_BUS_B<4>    |   11.981|
SEL_B<0>       |TO_BUS_B<5>    |   12.103|
SEL_B<0>       |TO_BUS_B<6>    |   12.027|
SEL_B<0>       |TO_BUS_B<7>    |   12.321|
SEL_B<0>       |TO_BUS_B<8>    |   11.004|
SEL_B<0>       |TO_BUS_B<9>    |   11.154|
SEL_B<0>       |TO_BUS_B<10>   |   11.205|
SEL_B<0>       |TO_BUS_B<11>   |   11.047|
SEL_B<0>       |TO_BUS_B<12>   |   12.874|
SEL_B<0>       |TO_BUS_B<13>   |   13.387|
SEL_B<0>       |TO_BUS_B<14>   |   13.437|
SEL_B<0>       |TO_BUS_B<15>   |   13.088|
SEL_B<1>       |TO_BUS_B<0>    |   11.471|
SEL_B<1>       |TO_BUS_B<1>    |   11.471|
SEL_B<1>       |TO_BUS_B<2>    |   11.745|
SEL_B<1>       |TO_BUS_B<3>    |   11.435|
SEL_B<1>       |TO_BUS_B<4>    |   12.683|
SEL_B<1>       |TO_BUS_B<5>    |   12.667|
SEL_B<1>       |TO_BUS_B<6>    |   12.865|
SEL_B<1>       |TO_BUS_B<7>    |   12.808|
SEL_B<1>       |TO_BUS_B<8>    |   11.127|
SEL_B<1>       |TO_BUS_B<9>    |   11.256|
SEL_B<1>       |TO_BUS_B<10>   |   10.929|
SEL_B<1>       |TO_BUS_B<11>   |   11.041|
SEL_B<1>       |TO_BUS_B<12>   |   13.845|
SEL_B<1>       |TO_BUS_B<13>   |   14.063|
SEL_B<1>       |TO_BUS_B<14>   |   13.673|
SEL_B<1>       |TO_BUS_B<15>   |   13.699|
SEL_B<2>       |TO_BUS_B<0>    |   10.677|
SEL_B<2>       |TO_BUS_B<1>    |   10.679|
SEL_B<2>       |TO_BUS_B<2>    |   10.622|
SEL_B<2>       |TO_BUS_B<3>    |   10.957|
SEL_B<2>       |TO_BUS_B<4>    |   10.848|
SEL_B<2>       |TO_BUS_B<5>    |   10.380|
SEL_B<2>       |TO_BUS_B<6>    |   10.089|
SEL_B<2>       |TO_BUS_B<7>    |   10.327|
SEL_B<2>       |TO_BUS_B<8>    |    9.856|
SEL_B<2>       |TO_BUS_B<9>    |    9.598|
SEL_B<2>       |TO_BUS_B<10>   |    9.691|
SEL_B<2>       |TO_BUS_B<11>   |    9.957|
SEL_B<2>       |TO_BUS_B<12>   |   10.400|
SEL_B<2>       |TO_BUS_B<13>   |   11.258|
SEL_B<2>       |TO_BUS_B<14>   |   10.876|
SEL_B<2>       |TO_BUS_B<15>   |   10.731|
SEL_B<3>       |TO_BUS_B<0>    |    9.790|
SEL_B<3>       |TO_BUS_B<1>    |    9.812|
SEL_B<3>       |TO_BUS_B<2>    |    9.586|
SEL_B<3>       |TO_BUS_B<3>    |   10.098|
SEL_B<3>       |TO_BUS_B<4>    |   10.867|
SEL_B<3>       |TO_BUS_B<5>    |   10.510|
SEL_B<3>       |TO_BUS_B<6>    |   10.517|
SEL_B<3>       |TO_BUS_B<7>    |   10.717|
SEL_B<3>       |TO_BUS_B<8>    |    9.980|
SEL_B<3>       |TO_BUS_B<9>    |    9.532|
SEL_B<3>       |TO_BUS_B<10>   |    9.452|
SEL_B<3>       |TO_BUS_B<11>   |    9.959|
SEL_B<3>       |TO_BUS_B<12>   |   10.515|
SEL_B<3>       |TO_BUS_B<13>   |   10.963|
SEL_B<3>       |TO_BUS_B<14>   |   10.511|
SEL_B<3>       |TO_BUS_B<15>   |   10.588|
SEL_B<4>       |TO_BUS_B<0>    |    9.487|
SEL_B<4>       |TO_BUS_B<1>    |    9.174|
SEL_B<4>       |TO_BUS_B<2>    |   10.106|
SEL_B<4>       |TO_BUS_B<3>    |    9.702|
SEL_B<4>       |TO_BUS_B<4>    |    9.322|
SEL_B<4>       |TO_BUS_B<5>    |    8.969|
SEL_B<4>       |TO_BUS_B<6>    |    9.089|
SEL_B<4>       |TO_BUS_B<7>    |    9.182|
SEL_B<4>       |TO_BUS_B<8>    |   10.546|
SEL_B<4>       |TO_BUS_B<9>    |   10.633|
SEL_B<4>       |TO_BUS_B<10>   |   10.243|
SEL_B<4>       |TO_BUS_B<11>   |   10.768|
SEL_B<4>       |TO_BUS_B<12>   |    8.870|
SEL_B<4>       |TO_BUS_B<13>   |    9.403|
SEL_B<4>       |TO_BUS_B<14>   |    8.735|
SEL_B<4>       |TO_BUS_B<15>   |    8.722|
SEL_B<5>       |TO_BUS_B<0>    |    7.614|
SEL_B<5>       |TO_BUS_B<1>    |    7.443|
SEL_B<5>       |TO_BUS_B<2>    |    7.449|
SEL_B<5>       |TO_BUS_B<3>    |    7.786|
SEL_B<5>       |TO_BUS_B<4>    |    8.451|
SEL_B<5>       |TO_BUS_B<5>    |    7.412|
SEL_B<5>       |TO_BUS_B<6>    |    8.154|
SEL_B<5>       |TO_BUS_B<7>    |    7.444|
SEL_B<5>       |TO_BUS_B<8>    |    6.896|
SEL_B<5>       |TO_BUS_B<9>    |    6.696|
SEL_B<5>       |TO_BUS_B<10>   |    7.158|
SEL_B<5>       |TO_BUS_B<11>   |    7.468|
SEL_B<5>       |TO_BUS_B<12>   |    7.680|
SEL_B<5>       |TO_BUS_B<13>   |    8.117|
SEL_B<5>       |TO_BUS_B<14>   |    7.970|
SEL_B<5>       |TO_BUS_B<15>   |    8.237|
---------------+---------------+---------+


Analysis completed Thu Jun 04 01:57:15 2020 
--------------------------------------------------------------------------------

Trace Settings:
-------------------------
Trace Settings 

Peak Memory Usage: 5020 MB



