Release 14.7 - xst P.20131013 (nt64)
Copyright (c) 1995-2013 Xilinx, Inc.  All rights reserved.
--> Parameter TMPDIR set to xst/projnav.tmp


Total REAL time to Xst completion: 0.00 secs
Total CPU time to Xst completion: 0.08 secs
 
--> Parameter xsthdpdir set to xst


Total REAL time to Xst completion: 0.00 secs
Total CPU time to Xst completion: 0.08 secs
 
--> Reading design: test.prj

TABLE OF CONTENTS
  1) Synthesis Options Summary
  2) HDL Parsing
  3) HDL Elaboration
  4) HDL Synthesis
       4.1) HDL Synthesis Report
  5) Advanced HDL Synthesis
       5.1) Advanced HDL Synthesis Report
  6) Low Level Synthesis
  7) Partition Report
  8) Design Summary
       8.1) Primitive and Black Box Usage
       8.2) Device utilization summary
       8.3) Partition Resource Summary
       8.4) Timing Report
            8.4.1) Clock Information
            8.4.2) Asynchronous Control Signals Information
            8.4.3) Timing Summary
            8.4.4) Timing Details
            8.4.5) Cross Clock Domains Report


=========================================================================
*                      Synthesis Options Summary                        *
=========================================================================
---- Source Parameters
Input File Name                    : "test.prj"
Ignore Synthesis Constraint File   : NO

---- Target Parameters
Output File Name                   : "test"
Output Format                      : NGC
Target Device                      : xc7a200t-3-fbg484

---- Source Options
Top Module Name                    : test
Automatic FSM Extraction           : YES
FSM Encoding Algorithm             : Auto
Safe Implementation                : No
FSM Style                          : LUT
RAM Extraction                     : Yes
RAM Style                          : Auto
ROM Extraction                     : Yes
Shift Register Extraction          : YES
ROM Style                          : Auto
Resource Sharing                   : YES
Asynchronous To Synchronous        : NO
Shift Register Minimum Size        : 2
Use DSP Block                      : Auto
Automatic Register Balancing       : No

---- Target Options
LUT Combining                      : Auto
Reduce Control Sets                : Auto
Add IO Buffers                     : YES
Global Maximum Fanout              : 100000
Add Generic Clock Buffer(BUFG)     : 32
Register Duplication               : YES
Optimize Instantiated Primitives   : NO
Use Clock Enable                   : Auto
Use Synchronous Set                : Auto
Use Synchronous Reset              : Auto
Pack IO Registers into IOBs        : Auto
Equivalent register Removal        : YES

---- General Options
Optimization Goal                  : Speed
Optimization Effort                : 1
Power Reduction                    : NO
Keep Hierarchy                     : No
Netlist Hierarchy                  : As_Optimized
RTL Output                         : Yes
Global Optimization                : AllClockNets
Read Cores                         : YES
Write Timing Constraints           : NO
Cross Clock Analysis               : NO
Hierarchy Separator                : /
Bus Delimiter                      : <>
Case Specifier                     : Maintain
Slice Utilization Ratio            : 100
BRAM Utilization Ratio             : 100
DSP48 Utilization Ratio            : 100
Auto BRAM Packing                  : NO
Slice Utilization Ratio Delta      : 5

=========================================================================


=========================================================================
*                          HDL Parsing                                  *
=========================================================================
Analyzing Verilog file "C:\Users\Ariel\Documents\GitHub\EV-20-Grupo2\Ari-union-magica\UnionMagica\bloque-saltos.v" into library work
Parsing module <bloqueSaltos>.
Analyzing Verilog file "C:\Users\Ariel\Documents\GitHub\EV-20-Grupo2\Ari-union-magica\UnionMagica\test.vf" into library work
Parsing module <test>.

=========================================================================
*                            HDL Elaboration                            *
=========================================================================
WARNING:HDLCompiler:25 - "C:\Users\Ariel\Documents\GitHub\EV-20-Grupo2\Ari-union-magica\UnionMagica\test.vf" Line 38: Module <bloqueSaltos> does not have a port named <B11>.
WARNING:HDLCompiler:25 - "C:\Users\Ariel\Documents\GitHub\EV-20-Grupo2\Ari-union-magica\UnionMagica\test.vf" Line 39: Module <bloqueSaltos> does not have a port named <B12>.
WARNING:HDLCompiler:25 - "C:\Users\Ariel\Documents\GitHub\EV-20-Grupo2\Ari-union-magica\UnionMagica\test.vf" Line 40: Module <bloqueSaltos> does not have a port named <B13>.
WARNING:HDLCompiler:1016 - "C:\Users\Ariel\Documents\GitHub\EV-20-Grupo2\Ari-union-magica\UnionMagica\test.vf" Line 38: Port is_BSR is not connected to this instance

Elaborating module <test>.

Elaborating module <bloqueSaltos>.
WARNING:HDLCompiler:413 - "C:\Users\Ariel\Documents\GitHub\EV-20-Grupo2\Ari-union-magica\UnionMagica\bloque-saltos.v" Line 44: Result of 11-bit expression is truncated to fit in 1-bit target.
ERROR:HDLCompiler:267 - "C:\Users\Ariel\Documents\GitHub\EV-20-Grupo2\Ari-union-magica\UnionMagica\test.vf" Line 38: Cannot find port B11 on this module
ERROR:HDLCompiler:267 - "C:\Users\Ariel\Documents\GitHub\EV-20-Grupo2\Ari-union-magica\UnionMagica\test.vf" Line 39: Cannot find port B12 on this module
ERROR:HDLCompiler:267 - "C:\Users\Ariel\Documents\GitHub\EV-20-Grupo2\Ari-union-magica\UnionMagica\test.vf" Line 40: Cannot find port B13 on this module
Module test remains a blackbox, due to errors in its contents
WARNING:HDLCompiler:1499 - "C:\Users\Ariel\Documents\GitHub\EV-20-Grupo2\Ari-union-magica\UnionMagica\test.vf" Line 23: Empty module <test> remains a black box.
--> 

Total memory usage is 4506456 kilobytes

Number of errors   :    3 (   0 filtered)
Number of warnings :    6 (   0 filtered)
Number of infos    :    0 (   0 filtered)

